// Vitest Snapshot v1, https://vitest.dev/guide/snapshot.html

exports[`Hero Component > matches the snapshot for regression locking 1`] = `
<div>
  <section
    aria-labelledby="hero-tagline"
    class="_hero_a105f2"
    id="hero"
  >
    <img
      alt="Lychee"
      class="_logo_a105f2"
      src="/lychee-banner.svg"
    />
    <h1
      class="_tagline_a105f2"
      id="hero-tagline"
    >
      Peel back your pull requests.
    </h1>
    <p
      class="_valueProp_a105f2"
    >
      Self-hosted, Claude-powered PR reviews that run concurrently, report cost to the cent, and never post twice.
    </p>
    <div
      class="_badges_a105f2"
    >
      <span
        class="_badge_a105f2"
        data-variant="ripe"
      >
        🟢
         
        Ripe
      </span>
      <span
        class="_badge_a105f2"
        data-variant="unripe"
      >
        🟡
         
        Unripe
      </span>
      <span
        class="_badge_a105f2"
        data-variant="sour"
      >
        🔴
         
        Sour
      </span>
    </div>
    <div
      class="_actions_a105f2"
    >
      <a
        class="_ctaPrimary_a105f2"
        href="/#setup"
      >
        Get Started
      </a>
      <a
        class="_ctaSecondary_a105f2"
        href="https://github.com/aspect-analytics/lychee"
        rel="noopener noreferrer"
        target="_blank"
      >
        View on GitHub
      </a>
    </div>
  </section>
</div>
`;
