// Vitest Snapshot v1, https://vitest.dev/guide/snapshot.html

exports[`PipelineDiagram > matches snapshot 1`] = `
<div>
  <ol
    class="_pipeline_7dd205"
  >
    <li
      class="_stageItem_7dd205"
    >
      <div
        class="_stageCard_7dd205 stage"
        data-stage-index="0"
      >
        <div
          class="_stageLabel_7dd205"
        >
          PR Event
        </div>
      </div>
      <span
        aria-hidden="true"
        class="_arrow_7dd205"
      >
        ↓
      </span>
    </li>
    <li
      class="_stageItem_7dd205"
    >
      <div
        class="_stageCard_7dd205 stage"
        data-stage-index="1"
      >
        <div
          class="_stageLabel_7dd205"
        >
          Context Assembly (diff, files, commits, metadata)
        </div>
      </div>
      <span
        aria-hidden="true"
        class="_arrow_7dd205"
      >
        ↓
      </span>
    </li>
    <li
      class="_stageItem_7dd205"
    >
      <div
        class="_stageCard_7dd205 stage"
        data-stage-index="2"
      >
        <span
          class="_optionalBadge_7dd205"
        >
          Optional
        </span>
        <div
          class="_stageLabel_7dd205"
        >
          Triage Pass
        </div>
        <div
          class="_stageDetail_7dd205"
        >
          Haiku classifies trivial vs. substantive
        </div>
      </div>
      <span
        aria-hidden="true"
        class="_arrow_7dd205"
      >
        ↓
      </span>
    </li>
    <li
      class="_stageItem_7dd205"
    >
      <div
        class="_stageCard_7dd205 stage"
        data-stage-index="3"
      >
        <div
          class="_stageLabel_7dd205"
        >
          Model Selection (Haiku / Sonnet / Opus based on size + scope rules)
        </div>
      </div>
      <span
        aria-hidden="true"
        class="_arrow_7dd205"
      >
        ↓
      </span>
    </li>
    <li
      class="_stageItem_7dd205"
    >
      <div
        class="_stageCard_7dd205 stage"
        data-stage-index="4"
      >
        <div
          class="_stageLabel_7dd205"
        >
          Prompt Construction (persona + rubric + PR context + conventions)
        </div>
      </div>
      <span
        aria-hidden="true"
        class="_arrow_7dd205"
      >
        ↓
      </span>
    </li>
    <li
      class="_stageItem_7dd205"
    >
      <div
        class="_stageCard_7dd205 stage"
        data-stage-index="5"
      >
        <div
          class="_stageLabel_7dd205"
        >
          Claude API (structured tool call → ReviewResult)
        </div>
      </div>
      <span
        aria-hidden="true"
        class="_arrow_7dd205"
      >
        ↓
      </span>
    </li>
    <li
      class="_stageItem_7dd205"
    >
      <div
        class="_stageCard_7dd205 stage"
        data-stage-index="6"
      >
        <div
          class="_stageLabel_7dd205"
        >
          Render + Post (Nectar → The Peel → Pits → upsert comment)
        </div>
      </div>
    </li>
  </ol>
</div>
`;
